******************************************************************************
                  TI ARM Linker PC v16.9.4                     
******************************************************************************
>> Linked Mon Nov 20 20:52:50 2017

OUTPUT FILE NAME:   <TIVA_ROS_UART.out>
ENTRY POINT SYMBOL: "_c_int00"  address: 00000add


MEMORY CONFIGURATION

         name            origin    length      used     unused   attr    fill
----------------------  --------  ---------  --------  --------  ----  --------
  FLASH                 00000000   00040000  00001098  0003ef68  R  X
  SRAM                  20000000   00008000  000004f8  00007b08  RW X


SEGMENT ALLOCATION MAP

run origin  load origin   length   init length attrs members
----------  ----------- ---------- ----------- ----- -------
00000000    00000000    00001098   00001098    r-x
  00000000    00000000    0000026c   0000026c    r-- .intvecs
  0000026c    0000026c    00000bf8   00000bf8    r-x .text
  00000e64    00000e64    000001ec   000001ec    r-- .const
  00001050    00001050    00000048   00000048    r-- .cinit
20000000    20000000    000004f8   00000000    rw-
  20000000    20000000    0000026c   00000000    rw- .vtable
  2000026c    2000026c    00000200   00000000    rw- .stack
  2000046c    2000046c    00000068   00000000    rw- .bss
  200004d4    200004d4    00000024   00000000    rw- .data


SECTION ALLOCATION MAP

 output                                  attributes/
section   page    origin      length       input sections
--------  ----  ----------  ----------   ----------------
.intvecs   0    00000000    0000026c     
                  00000000    0000026c     tm4c123gh6pm_startup_ccs.obj (.intvecs)

.text      0    0000026c    00000bf8     
                  0000026c    0000024c     UART.obj (.text)
                  000004b8    00000132     driverlib.lib : gpio.obj (.text:GPIOPadConfigSet)
                  000005ea    00000002     rtsv7M4_T_le_v4SPD16_eabi.lib : mpu_init.obj (.text)
                  000005ec    00000110     driverlib.lib : sysctl.obj (.text:SysCtlClockGet)
                  000006fc    000000f4                   : sysctl.obj (.text:SysCtlClockSet)
                  000007f0    0000009c     rtsv7M4_T_le_v4SPD16_eabi.lib : memcpy_t2.obj (.text)
                  0000088c    00000094     main.obj (.text)
                  00000920    0000007a     rtsv7M4_T_le_v4SPD16_eabi.lib : memset_t2.obj (.text)
                  0000099a    00000002                                   : startup.obj (.text)
                  0000099c    00000070                                   : autoinit.obj (.text)
                  00000a0c    00000068     driverlib.lib : interrupt.obj (.text:IntEnable)
                  00000a74    00000068     rtsv7M4_T_le_v4SPD16_eabi.lib : copy_decompress_lzss.obj (.text:decompress:lzss)
                  00000adc    00000054                                   : boot.obj (.text)
                  00000b30    00000054                                   : exit.obj (.text)
                  00000b84    0000004c                                   : cpy_tbl.obj (.text)
                  00000bd0    00000048     driverlib.lib : gpio.obj (.text:GPIOPinConfigure)
                  00000c18    00000046                   : uart.obj (.text:UARTConfigSetExpClk)
                  00000c5e    00000002     --HOLE-- [fill = 0]
                  00000c60    00000040                   : uart.obj (.text:_UARTIntNumberGet)
                  00000ca0    00000034                   : interrupt.obj (.text:IntRegister)
                  00000cd4    00000034                   : sysctl.obj (.text:SysCtlPeripheralEnable)
                  00000d08    0000002a                   : gpio.obj (.text:GPIODirModeSet)
                  00000d32    00000002     --HOLE-- [fill = 0]
                  00000d34    00000020                   : uart.obj (.text:UARTDisable)
                  00000d54    00000018                   : gpio.obj (.text:GPIOPinTypeGPIOOutput)
                  00000d6c    00000018                   : uart.obj (.text:UARTIntRegister)
                  00000d84    00000018     rtsv7M4_T_le_v4SPD16_eabi.lib : args_main.obj (.text)
                  00000d9c    00000014     driverlib.lib : uart.obj (.text:UARTEnable)
                  00000db0    00000014     rtsv7M4_T_le_v4SPD16_eabi.lib : _lock.obj (.text)
                  00000dc4    00000012     driverlib.lib : gpio.obj (.text:GPIOPinTypeUART)
                  00000dd6    00000010                   : interrupt.obj (.text:IntMasterEnable)
                  00000de6    0000000e                   : uart.obj (.text:UARTCharGetNonBlocking)
                  00000df4    0000000e                   : uart.obj (.text:UARTCharsAvail)
                  00000e02    0000000e     rtsv7M4_T_le_v4SPD16_eabi.lib : copy_decompress_none.obj (.text:decompress:none)
                  00000e10    0000000c     driverlib.lib : cpu.obj (.text:CPUcpsie)
                  00000e1c    0000000c     rtsv7M4_T_le_v4SPD16_eabi.lib : copy_zero_init.obj (.text:decompress:ZI)
                  00000e28    0000000c     tm4c123gh6pm_startup_ccs.obj (.text)
                  00000e34    0000000a     driverlib.lib : uart.obj (.text:UARTCharPut)
                  00000e3e    0000000a                   : uart.obj (.text:UARTIntStatus)
                  00000e48    00000008                   : uart.obj (.text:UARTIntEnable)
                  00000e50    00000006                   : gpio.obj (.text:GPIOPinWrite)
                  00000e56    00000006                   : sysctl.obj (.text:SysCtlDelay)
                  00000e5c    00000004                   : uart.obj (.text:UARTIntClear)
                  00000e60    00000004     rtsv7M4_T_le_v4SPD16_eabi.lib : pre_init.obj (.text)

.const     0    00000e64    000001ec     
                  00000e64    00000090     driverlib.lib : gpio.obj (.const:g_pui32GPIOBaseAddrs)
                  00000ef4    00000070                   : interrupt.obj (.const)
                  00000f64    0000006c                   : sysctl.obj (.const:g_pui32Xtals)
                  00000fd0    00000040                   : uart.obj (.const:g_ppui32UARTIntMap)
                  00001010    00000040                   : uart.obj (.const:g_ppui32UARTIntMapSnowflake)

.cinit     0    00001050    00000048     
                  00001050    00000014     (.cinit..data.load) [load image, compression = lzss]
                  00001064    0000000c     (__TI_handler_table)
                  00001070    00000008     (.cinit..bss.load) [load image, compression = zero_init]
                  00001078    00000008     (.cinit..vtable.load) [load image, compression = zero_init]
                  00001080    00000018     (__TI_cinit_table)

.init_array 
*          0    00000000    00000000     UNINITIALIZED

.vtable    0    20000000    0000026c     UNINITIALIZED
                  20000000    0000026c     driverlib.lib : interrupt.obj (.vtable)

.stack     0    2000026c    00000200     UNINITIALIZED
                  2000026c    00000200     --HOLE--

.bss       0    2000046c    00000068     UNINITIALIZED
                  2000046c    00000034     (.common:C1101_Buf)
                  200004a0    00000034     (.common:GetData)

.data      0    200004d4    00000024     UNINITIALIZED
                  200004d4    0000000c     rtsv7M4_T_le_v4SPD16_eabi.lib : exit.obj (.data:$O1$$)
                  200004e0    00000008                                   : _lock.obj (.data:$O1$$)
                  200004e8    00000006     UART.obj (.data)
                  200004ee    00000002     --HOLE--
                  200004f0    00000004     main.obj (.data)
                  200004f4    00000004     rtsv7M4_T_le_v4SPD16_eabi.lib : stkdepth_vars.obj (.data)

MODULE SUMMARY

       Module                         code   ro data   rw data
       ------                         ----   -------   -------
    .\
       tm4c123gh6pm_startup_ccs.obj   12     620       0      
       main.obj                       148    0         56     
    +--+------------------------------+------+---------+---------+
       Total:                         160    620       56     
                                                              
    .\UART\
       UART.obj                       588    0         58     
    +--+------------------------------+------+---------+---------+
       Total:                         588    0         58     
                                                              
    D:/ti/TivaWare_C/driverlib/ccs/Debug/driverlib.lib
       interrupt.obj                  172    112       620    
       sysctl.obj                     574    108       0      
       gpio.obj                       468    144       0      
       uart.obj                       270    128       0      
       cpu.obj                        12     0         0      
    +--+------------------------------+------+---------+---------+
       Total:                         1496   492       620    
                                                              
    D:\ti\ccsv7\tools\compiler\ti-cgt-arm_16.9.4.LTS\lib\rtsv7M4_T_le_v4SPD16_eabi.lib
       memcpy_t2.obj                  156    0         0      
       memset_t2.obj                  122    0         0      
       autoinit.obj                   112    0         0      
       copy_decompress_lzss.obj       104    0         0      
       exit.obj                       84     0         12     
       boot.obj                       84     0         0      
       cpy_tbl.obj                    76     0         0      
       _lock.obj                      20     0         8      
       args_main.obj                  24     0         0      
       copy_decompress_none.obj       14     0         0      
       copy_zero_init.obj             12     0         0      
       pre_init.obj                   4      0         0      
       stkdepth_vars.obj              0      0         4      
       mpu_init.obj                   2      0         0      
       startup.obj                    2      0         0      
    +--+------------------------------+------+---------+---------+
       Total:                         816    0         24     
                                                              
       Stack:                         0      0         512    
       Linker Generated:              0      72        0      
    +--+------------------------------+------+---------+---------+
       Grand Total:                   3060   1184      1270   


LINKER GENERATED COPY TABLES

__TI_cinit_table @ 00001080 records: 3, size/record: 8, table size: 24
	.data: load addr=00001050, load size=00000014 bytes, run addr=200004d4, run size=00000024 bytes, compression=lzss
	.bss: load addr=00001070, load size=00000008 bytes, run addr=2000046c, run size=00000068 bytes, compression=zero_init
	.vtable: load addr=00001078, load size=00000008 bytes, run addr=20000000, run size=0000026c bytes, compression=zero_init


LINKER GENERATED HANDLER TABLE

__TI_handler_table @ 00001064 records: 3, size/record: 4, table size: 12
	index: 0, handler: __TI_zero_init
	index: 1, handler: __TI_decompress_lzss
	index: 2, handler: __TI_decompress_none


GLOBAL SYMBOLS: SORTED ALPHABETICALLY BY Name 

address   name                           
-------   ----                           
00000b31  C$$EXIT                        
2000046c  C1101_Buf                      
200004e8  C1101_ReadIdx                  
200004ea  C1101_WriteIdx                 
000003f1  CC1101_Init                    
00000e11  CPUcpsie                       
00000d09  GPIODirModeSet                 
000004b9  GPIOPadConfigSet               
00000bd1  GPIOPinConfigure               
00000d55  GPIOPinTypeGPIOOutput          
00000dc5  GPIOPinTypeUART                
00000e51  GPIOPinWrite                   
0000088d  GPIO_Init                      
200004a0  GetData                        
00000a0d  IntEnable                      
00000dd7  IntMasterEnable                
00000ca1  IntRegister                    
00000e29  ResetISR                       
UNDEFED   SHT$$INIT_ARRAY$$Base          
UNDEFED   SHT$$INIT_ARRAY$$Limit         
000005ed  SysCtlClockGet                 
000006fd  SysCtlClockSet                 
00000e57  SysCtlDelay                    
00000cd5  SysCtlPeripheralEnable         
00000de7  UARTCharGetNonBlocking         
00000e35  UARTCharPut                    
00000df5  UARTCharsAvail                 
00000c19  UARTConfigSetExpClk            
00000d35  UARTDisable                    
00000d9d  UARTEnable                     
00000e5d  UARTIntClear                   
00000e49  UARTIntEnable                  
0000026d  UARTIntHandler                 
00000d6d  UARTIntRegister                
00000e3f  UARTIntStatus                  
000002e5  UART_C1101_QueryData           
000002eb  UART_C1101_Read                
00000445  UART_C1101_Write               
0000047b  UART_C1101_WriteCMD            
00000361  UART_CC1101_Read_CMD           
2000046c  __STACK_END                    
00000200  __STACK_SIZE                   
2000046c  __STACK_TOP                    
00001080  __TI_CINIT_Base                
00001098  __TI_CINIT_Limit               
00001064  __TI_Handler_Table_Base        
00001070  __TI_Handler_Table_Limit       
0000099d  __TI_auto_init                 
200004d4  __TI_cleanup_ptr               
00000a75  __TI_decompress_lzss           
00000e03  __TI_decompress_none           
200004d8  __TI_dtors_ptr                 
200004dc  __TI_enable_exit_profile_output
ffffffff  __TI_pprof_out_hndl            
ffffffff  __TI_prof_data_size            
ffffffff  __TI_prof_data_start           
00000000  __TI_static_base__             
00000e1d  __TI_zero_init                 
00000921  __aeabi_memclr                 
00000921  __aeabi_memclr4                
00000921  __aeabi_memclr8                
000007f1  __aeabi_memcpy                 
000007f1  __aeabi_memcpy4                
000007f1  __aeabi_memcpy8                
00000923  __aeabi_memset                 
00000923  __aeabi_memset4                
00000923  __aeabi_memset8                
ffffffff  __binit__                      
ffffffff  __c_args__                     
000005eb  __mpu_init                     
2000026c  __stack                        
00000d85  _args_main                     
00000add  _c_int00                       
200004e0  _lock                          
00000dbf  _nop                           
00000db7  _register_lock                 
00000db1  _register_unlock               
0000099b  _system_post_cinit             
00000e61  _system_pre_init               
200004e4  _unlock                        
00000b35  abort                          
ffffffff  binit                          
00000b85  copy_in                        
00000b3d  exit                           
20000000  g_pfnRAMVectors                
00000000  g_pfnVectors                   
000008a9  main                           
200004f4  main_func_sp                   
000007f1  memcpy                         
00000929  memset                         
200004f0  tick                           
200004ec  u16_avail_byte                 


GLOBAL SYMBOLS: SORTED BY Symbol Address 

address   name                           
-------   ----                           
00000000  __TI_static_base__             
00000000  g_pfnVectors                   
00000200  __STACK_SIZE                   
0000026d  UARTIntHandler                 
000002e5  UART_C1101_QueryData           
000002eb  UART_C1101_Read                
00000361  UART_CC1101_Read_CMD           
000003f1  CC1101_Init                    
00000445  UART_C1101_Write               
0000047b  UART_C1101_WriteCMD            
000004b9  GPIOPadConfigSet               
000005eb  __mpu_init                     
000005ed  SysCtlClockGet                 
000006fd  SysCtlClockSet                 
000007f1  __aeabi_memcpy                 
000007f1  __aeabi_memcpy4                
000007f1  __aeabi_memcpy8                
000007f1  memcpy                         
0000088d  GPIO_Init                      
000008a9  main                           
00000921  __aeabi_memclr                 
00000921  __aeabi_memclr4                
00000921  __aeabi_memclr8                
00000923  __aeabi_memset                 
00000923  __aeabi_memset4                
00000923  __aeabi_memset8                
00000929  memset                         
0000099b  _system_post_cinit             
0000099d  __TI_auto_init                 
00000a0d  IntEnable                      
00000a75  __TI_decompress_lzss           
00000add  _c_int00                       
00000b31  C$$EXIT                        
00000b35  abort                          
00000b3d  exit                           
00000b85  copy_in                        
00000bd1  GPIOPinConfigure               
00000c19  UARTConfigSetExpClk            
00000ca1  IntRegister                    
00000cd5  SysCtlPeripheralEnable         
00000d09  GPIODirModeSet                 
00000d35  UARTDisable                    
00000d55  GPIOPinTypeGPIOOutput          
00000d6d  UARTIntRegister                
00000d85  _args_main                     
00000d9d  UARTEnable                     
00000db1  _register_unlock               
00000db7  _register_lock                 
00000dbf  _nop                           
00000dc5  GPIOPinTypeUART                
00000dd7  IntMasterEnable                
00000de7  UARTCharGetNonBlocking         
00000df5  UARTCharsAvail                 
00000e03  __TI_decompress_none           
00000e11  CPUcpsie                       
00000e1d  __TI_zero_init                 
00000e29  ResetISR                       
00000e35  UARTCharPut                    
00000e3f  UARTIntStatus                  
00000e49  UARTIntEnable                  
00000e51  GPIOPinWrite                   
00000e57  SysCtlDelay                    
00000e5d  UARTIntClear                   
00000e61  _system_pre_init               
00001064  __TI_Handler_Table_Base        
00001070  __TI_Handler_Table_Limit       
00001080  __TI_CINIT_Base                
00001098  __TI_CINIT_Limit               
20000000  g_pfnRAMVectors                
2000026c  __stack                        
2000046c  C1101_Buf                      
2000046c  __STACK_END                    
2000046c  __STACK_TOP                    
200004a0  GetData                        
200004d4  __TI_cleanup_ptr               
200004d8  __TI_dtors_ptr                 
200004dc  __TI_enable_exit_profile_output
200004e0  _lock                          
200004e4  _unlock                        
200004e8  C1101_ReadIdx                  
200004ea  C1101_WriteIdx                 
200004ec  u16_avail_byte                 
200004f0  tick                           
200004f4  main_func_sp                   
ffffffff  __TI_pprof_out_hndl            
ffffffff  __TI_prof_data_size            
ffffffff  __TI_prof_data_start           
ffffffff  __binit__                      
ffffffff  __c_args__                     
ffffffff  binit                          
UNDEFED   SHT$$INIT_ARRAY$$Base          
UNDEFED   SHT$$INIT_ARRAY$$Limit         

[92 symbols]
